=== RUN   TestRpc_withAsyncSSEResponse
--- STARTING TEST ---
Server received GET /sse
2026/04/22 12:51:04 [mcp-debug] SSE line: "event: endpoint"
2026/04/22 12:51:04 [mcp-debug] endpoint data line: "data: /message?sessionId=123"
2026/04/22 12:51:04 [mcp-debug] SSE line: ""
Server received POST /message
2026/04/22 12:51:04 [mcp-debug] SSE line: "data: {\"jsonrpc\":\"2.0\",\"id\":1,\"result\":{\"tools\":[{\"name\":\"test-tool\",\"description\":\"desc\",\"inputSchema\":{}}]}}"
2026/04/22 12:51:04 [mcp-debug] SSE line: ""
2026/04/22 12:51:09 httptest.Server blocked in Close after 5 seconds, waiting for connections:
  *net.TCPConn 0x3f238e008008 127.0.0.1:63200 in state active
